// Jest Snapshot v1, https://goo.gl/fbAQLP

exports[`App should match the snapshot with all the data passed in 1`] = `
<div
  className="style"
>
  <Header />
  <div
    className="App"
  >
    <section
      className="btn-container"
    >
      <h2>
        Choose Your House
      </h2>
      <button
        className="gryf btn"
        onClick={[Function]}
      >
        gryffindor
      </button>
      <button
        className="huf btn"
        onClick={[Function]}
      >
        hufflepuff
      </button>
      <button
        className="rav btn"
        onClick={[Function]}
      >
        ravenclaw
      </button>
      <button
        className="sly btn"
        onClick={[Function]}
      >
        slytherin
      </button>
    </section>
  </div>
</div>
`;
