// Jest Snapshot v1, https://goo.gl/fbAQLP

exports[`Header should match the snapshot with all the data passed in 1`] = `
<div
  className="header-img"
>
  <img
    alt="Ordinary [React] Wizarding Level"
    src="https://fontmeme.com/permalink/190412/3229c92253ff3dd3d93ac8c7f060851e.png"
  />
</div>
`;
