// Jest Snapshot v1, https://goo.gl/fbAQLP

exports[`Player should match the snapshot with all the data passed in 1`] = `
<section
  className="player-section"
>
  <article
    className="left-side"
  >
    <h6
      className="left-house"
    >
      Gryffindor
    </h6>
    <h6
      className="left-points"
    >
      0
       Points
    </h6>
    <img
      alt="Gryffindor House Crest"
      className="house-crest"
      src="gryf-crest.png"
    />
  </article>
  <article
    className="right-side"
  >
    <img
      alt="Slytherin House Crest"
      className="house-crest"
      src="sly-crest.png"
    />
    <h6
      className="right-house"
    >
      Slytherin
    </h6>
    <h6
      className="right-points"
    >
      0
       Points
    </h6>
  </article>
  <article
    className="left-side bot"
  >
    <h6
      className="leftt-house"
    >
      Ravenclaw
    </h6>
    <h6
      className="left-points"
    >
      0
       Points
    </h6>
    <img
      alt="Ravenclaw House Crest"
      className="house-crest"
      src="rav.png"
    />
  </article>
  <article
    className="right-side bot"
  >
    <img
      alt="Hufflepuff House Crest"
      className="house-crest"
      src="hufflepuff.png"
    />
    <h6
      className="right-points"
    >
      0
       Points
    </h6>
    <h6
      className="left-house"
    >
      Hufflepuff
    </h6>
  </article>
</section>
`;
